>>> sq = __import__('4-print_square').print_square
>>> sq(4)
####
####
####
####
>>> sq(0)
>>> sq("Lily")
Traceback (most recent call last):
TypeError: size must be an integer
>>> sq()
Traceback (most recent call last):
TypeError: print_square() missing 1 required positional argument: 'size'
>>> sq(-2)
Traceback (most recent call last):
ValueError: size must be >= 0
>>> sq(-0.3)
Traceback (most recent call last):
TypeError: size must be an integer
